spawn sudo virsh console vm1
Connected to domain vm1
Escape character is ^]

localhost login: root
Password: 
Last login: Tue Apr 29 11:53:08 on ttyS0

Authorized users only. All activities may be monitored and reported.
[root@localhost ~]# 正在扫描可见域内低轨卫星IP: 10.0.64.34
/home/resource_manager/resource_request.sh -p passw0rd@123 -u root -i 10.0.64.34
正在执行远程命令：/home/resource_manager/status_sender_activate.sh --ip 10.0.64.2

Authorized users only. All activities may be monitored and reported.
/home/resource_manager/status_sender_activate.sh: line 79: dlsmi: command not found
/home/resource_manager/status_sender_activate.sh: line 80: dlsmi: command not found
[2025-04-29 12:04:15] 主动请求已接收，开始发送状态文件到 10.0.64.2:/home/resource_manager/resource_info

Authorized users only. All activities may be monitored and reported.
[2025-04-29 12:04:16] 状态文件发送成功
[成功] 命令已执行: /home/resource_manager/status_sender_activate.sh --ip 10.0.64.2
[root@localhost ~]# 正在扫描可见域内低轨卫星IP: 10.0.64.38
/home/resource_manager/resource_request.sh -p passw0rd@123 -u root -i 10.0.64.38
正在执行远程命令：/home/resource_manager/status_sender_activate.sh --ip 10.0.64.2

Authorized users only. All activities may be monitored and reported.
/home/resource_manager/status_sender_activate.sh: line 79: dlsmi: command not found
/home/resource_manager/status_sender_activate.sh: line 80: dlsmi: command not found
[2025-04-29 12:04:17] 主动请求已接收，开始发送状态文件到 10.0.64.2:/home/resource_manager/resource_info

Authorized users only. All activities may be monitored and reported.
[2025-04-29 12:04:19] 状态文件发送成功
[成功] 命令已执行: /home/resource_manager/status_sender_activate.sh --ip 10.0.64.2
[root@localhost ~]# 正在扫描可见域内低轨卫星IP: 10.0.64.78
/home/resource_manager/resource_request.sh -p passw0rd@123 -u root -i 10.0.64.78
正在执行远程命令：/home/resource_manager/status_sender_activate.sh --ip 10.0.64.2

Authorized users only. All activities may be monitored and reported.
/home/resource_manager/status_sender_activate.sh: line 79: dlsmi: command not found
/home/resource_manager/status_sender_activate.sh: line 80: dlsmi: command not found
[2025-04-29 12:04:45] 主动请求已接收，开始发送状态文件到 10.0.64.2:/home/resource_manager/resource_info

Authorized users only. All activities may be monitored and reported.
[2025-04-29 12:04:46] 状态文件发送成功
[成功] 命令已执行: /home/resource_manager/status_sender_activate.sh --ip 10.0.64.2
[root@localhost ~]# 正在扫描可见域内低轨卫星IP: 10.0.64.82
/home/resource_manager/resource_request.sh -p passw0rd@123 -u root -i 10.0.64.82
正在执行远程命令：/home/resource_manager/status_sender_activate.sh --ip 10.0.64.2

Authorized users only. All activities may be monitored and reported.
/home/resource_manager/status_sender_activate.sh: line 79: dlsmi: command not found
/home/resource_manager/status_sender_activate.sh: line 80: dlsmi: command not found
[2025-04-29 12:04:49] 主动请求已接收，开始发送状态文件到 10.0.64.2:/home/resource_manager/resource_info

Authorized users only. All activities may be monitored and reported.
[2025-04-29 12:04:50] 状态文件发送成功
[成功] 命令已执行: /home/resource_manager/status_sender_activate.sh --ip 10.0.64.2
[root@localhost ~]# 正在扫描可见域内低轨卫星IP: 10.0.64.86
/home/resource_manager/resource_request.sh -p passw0rd@123 -u root -i 10.0.64.86
正在执行远程命令：/home/resource_manager/status_sender_activate.sh --ip 10.0.64.2

Authorized users only. All activities may be monitored and reported.
/home/resource_manager/status_sender_activate.sh: line 79: dlsmi: command not found
/home/resource_manager/status_sender_activate.sh: line 80: dlsmi: command not found
[2025-04-29 12:04:53] 主动请求已接收，开始发送状态文件到 10.0.64.2:/home/resource_manager/resource_info

Authorized users only. All activities may be monitored and reported.
[2025-04-29 12:04:54] 状态文件发送成功
[成功] 命令已执行: /home/resource_manager/status_sender_activate.sh --ip 10.0.64.2
[root@localhost ~]# 正在扫描可见域内低轨卫星IP: 10.0.64.126
/home/resource_manager/resource_request.sh -p passw0rd@123 -u root -i 10.0.64.126
正在执行远程命令：/home/resource_manager/status_sender_activate.sh --ip 10.0.64.2

Authorized users only. All activities may be monitored and reported.
/home/resource_manager/status_sender_activate.sh: line 79: dlsmi: command not found
/home/resource_manager/status_sender_activate.sh: line 80: dlsmi: command not found
[2025-04-29 12:04:56] 主动请求已接收，开始发送状态文件到 10.0.64.2:/home/resource_manager/resource_info

Authorized users only. All activities may be monitored and reported.
[2025-04-29 12:04:58] 状态文件发送成功
[成功] 命令已执行: /home/resource_manager/status_sender_activate.sh --ip 10.0.64.2
[root@localhost ~]# 正在扫描可见域内低轨卫星IP: 10.0.64.158
/home/resource_manager/resource_request.sh -p passw0rd@123 -u root -i 10.0.64.158
正在执行远程命令：/home/resource_manager/status_sender_activate.sh --ip 10.0.64.2

Authorized users only. All activities may be monitored and reported.
/home/resource_manager/status_sender_activate.sh: line 79: dlsmi: command not found
/home/resource_manager/status_sender_activate.sh: line 80: dlsmi: command not found
[2025-04-29 12:05:00] 主动请求已接收，开始发送状态文件到 10.0.64.2:/home/resource_manager/resource_info

Authorized users only. All activities may be monitored and reported.
[2025-04-29 12:05:01] 状态文件发送成功
[成功] 命令已执行: /home/resource_manager/status_sender_activate.sh --ip 10.0.64.2
[root@localhost ~]# 正在扫描可见域内低轨卫星IP: 10.0.64.162
/home/resource_manager/resource_request.sh -p passw0rd@123 -u root -i 10.0.64.162
正在执行远程命令：/home/resource_manager/status_sender_activate.sh --ip 10.0.64.2

Authorized users only. All activities may be monitored and reported.
/home/resource_manager/status_sender_activate.sh: line 79: dlsmi: command not found
/home/resource_manager/status_sender_activate.sh: line 80: dlsmi: command not found
[2025-04-29 12:05:03] 主动请求已接收，开始发送状态文件到 10.0.64.2:/home/resource_manager/resource_info

Authorized users only. All activities may be monitored and reported.
[2025-04-29 12:05:04] 状态文件发送成功
[成功] 命令已执行: /home/resource_manager/status_sender_activate.sh --ip 10.0.64.2
[root@localhost ~]# 