spawn sudo virsh console vm8
Connected to domain vm8
Escape character is ^]

localhost login: root
Password: 
Last login: Tue Apr 29 12:03:41 on ttyS0

Authorized users only. All activities may be monitored and reported.
[root@localhost ~]# 正在扫描可见域内低轨卫星IP: 10.0.64.70
/home/resource_manager/resource_request.sh -p passw0rd@123 -u root -i 10.0.64.70
正在执行远程命令：/home/resource_manager/status_sender_activate.sh --ip 10.0.64.30

Authorized users only. All activities may be monitored and reported.
/home/resource_manager/status_sender_activate.sh: line 79: dlsmi: command not found
/home/resource_manager/status_sender_activate.sh: line 80: dlsmi: command not found
[2025-04-29 12:07:21] 主动请求已接收，开始发送状态文件到 10.0.64.30:/home/resource_manager/resource_info

Authorized users only. All activities may be monitored and reported.
[2025-04-29 12:07:22] 状态文件发送成功
[成功] 命令已执行: /home/resource_manager/status_sender_activate.sh --ip 10.0.64.30
[root@localhost ~]# 正在扫描可见域内低轨卫星IP: 10.0.64.74
/home/resource_manager/resource_request.sh -p passw0rd@123 -u root -i 10.0.64.74
正在执行远程命令：/home/resource_manager/status_sender_activate.sh --ip 10.0.64.30

Authorized users only. All activities may be monitored and reported.
/home/resource_manager/status_sender_activate.sh: line 79: dlsmi: command not found
/home/resource_manager/status_sender_activate.sh: line 80: dlsmi: command not found
[2025-04-29 12:07:25] 主动请求已接收，开始发送状态文件到 10.0.64.30:/home/resource_manager/resource_info

Authorized users only. All activities may be monitored and reported.
[2025-04-29 12:07:26] 状态文件发送成功
[成功] 命令已执行: /home/resource_manager/status_sender_activate.sh --ip 10.0.64.30
[root@localhost ~]# 正在扫描可见域内低轨卫星IP: 10.0.64.118
/home/resource_manager/resource_request.sh -p passw0rd@123 -u root -i 10.0.64.118
正在执行远程命令：/home/resource_manager/status_sender_activate.sh --ip 10.0.64.30

Authorized users only. All activities may be monitored and reported.
/home/resource_manager/status_sender_activate.sh: line 79: dlsmi: command not found
/home/resource_manager/status_sender_activate.sh: line 80: dlsmi: command not found
[2025-04-29 12:07:29] 主动请求已接收，开始发送状态文件到 10.0.64.30:/home/resource_manager/resource_info

Authorized users only. All activities may be monitored and reported.
[2025-04-29 12:07:30] 状态文件发送成功
[成功] 命令已执行: /home/resource_manager/status_sender_activate.sh --ip 10.0.64.30
[root@localhost ~]# 正在扫描可见域内低轨卫星IP: 10.0.64.122
/home/resource_manager/resource_request.sh -p passw0rd@123 -u root -i 10.0.64.122
正在执行远程命令：/home/resource_manager/status_sender_activate.sh --ip 10.0.64.30

Authorized users only. All activities may be monitored and reported.
/home/resource_manager/status_sender_activate.sh: line 79: dlsmi: command not found
/home/resource_manager/status_sender_activate.sh: line 80: dlsmi: command not found
[2025-04-29 12:07:33] 主动请求已接收，开始发送状态文件到 10.0.64.30:/home/resource_manager/resource_info

Authorized users only. All activities may be monitored and reported.
[2025-04-29 12:07:34] 状态文件发送成功
[成功] 命令已执行: /home/resource_manager/status_sender_activate.sh --ip 10.0.64.30
[root@localhost ~]# 正在扫描可见域内低轨卫星IP: 10.0.64.154
/home/resource_manager/resource_request.sh -p passw0rd@123 -u root -i 10.0.64.154
正在执行远程命令：/home/resource_manager/status_sender_activate.sh --ip 10.0.64.30

Authorized users only. All activities may be monitored and reported.
/home/resource_manager/status_sender_activate.sh: line 79: dlsmi: command not found
/home/resource_manager/status_sender_activate.sh: line 80: dlsmi: command not found
[2025-04-29 12:07:37] 主动请求已接收，开始发送状态文件到 10.0.64.30:/home/resource_manager/resource_info

Authorized users only. All activities may be monitored and reported.
[2025-04-29 12:07:38] 状态文件发送成功
[成功] 命令已执行: /home/resource_manager/status_sender_activate.sh --ip 10.0.64.30
[root@localhost ~]# 