spawn sudo virsh console vm1
Connected to domain vm1
Escape character is ^]

localhost login: root
Password: 
Last login: Fri May  9 20:35:01 on ttyS0

Authorized users only. All activities may be monitored and reported.
[root@localhost ~]# 正在扫描可见域内低轨卫星IP: 10.0.64.34
正在扫描可见域内低轨卫星IP: 10.0.64.38
正在扫描可见域内低轨卫星IP: 10.0.64.78
正在扫描可见域内低轨卫星IP: 10.0.64.82
正在扫描可见域内低轨卫星IP: 10.0.64.86
正在扫描可见域内低轨卫星IP: 10.0.64.126
正在扫描可见域内低轨卫星IP: 10.0.64.158
正在扫描可见域内低轨卫星IP: 10.0.64.162
TSN扫描完成，资源纳管信息正在从TSN中转至NOCC
/home/resource_manager/resource_request.sh -p passw0rd@123 -u root -i 10.0.64.34 &
[1] 31604
[root@localhost ~]# /home/resource_manager/resource_request.sh -p passw0rd@123 -u root -i 10.0.64.38 &
[2] 31605
[root@localhost ~]# /home/resource_manager/resource_request.sh -p passw0rd@123 -u root -i 10.0.64.78 &
[3] 31606
[root@localhost ~]# /home/resource_manager/resource_request.sh -p passw0rd@123 -u root -i 10.0.64.82 &
[4] 31607
[root@localhost ~]# /home/resource_manager/resource_request.sh -p passw0rd@123 -u root -i 10.0.64.86 &
[5] 31608
[root@localhost ~]# /home/resource_manager/resource_request.sh -p passw0rd@123 -u root -i 10.0.64.126 &
[6] 31609
[root@localhost ~]# /home/resource_manager/resource_request.sh -p passw0rd@123 -u root -i 10.0.64.158 &
[7] 31610
[root@localhost ~]# /home/resource_manager/resource_request.sh -p passw0rd@123 -u root -i 10.0.64.162 &
[8] 31611
[root@localhost ~]# cd /home/resource_manager/resource_info
[root@localhost resource_info]# ls -1
node_status-10.0.64.118.yaml
node_status-10.0.64.122.yaml
node_status-10.0.64.126.yaml
node_status-10.0.64.158.yaml
node_status-10.0.64.162.yaml
node_status-10.0.64.34.yaml
node_status-10.0.64.38.yaml
node_status-10.0.64.42.yaml
node_status-10.0.64.46.yaml
node_status-10.0.64.70.yaml
node_status-10.0.64.74.yaml
node_status-10.0.64.78.yaml
node_status-10.0.64.82.yaml
node_status-10.0.64.86.yaml
node_status-10.0.64.90.yaml
node_status-10.0.64.94.yaml
[root@localhost resource_info]# 正在执行远程命令：/home/resource_manager/status_sender_activate.sh --ip 10.0.64.2
正在执行远程命令：/home/resource_manager/status_sender_activate.sh --ip 10.0.64.2
正在执行远程命令：/home/resource_manager/status_sender_activate.sh --ip 10.0.64.2
正在执行远程命令：/home/resource_manager/status_sender_activate.sh --ip 10.0.64.2
正在执行远程命令：/home/resource_manager/status_sender_activate.sh --ip 10.0.64.2
正在执行远程命令：/home/resource_manager/status_sender_activate.sh --ip 10.0.64.2
正在执行远程命令：/home/resource_manager/status_sender_activate.sh --ip 10.0.64.2
正在执行远程命令：/home/resource_manager/status_sender_activate.sh --ip 10.0.64.2

Authorized users only. All activities may be monitored and reported.

Authorized users only. All activities may be monitored and reported.

Authorized users only. All activities may be monitored and reported.

Authorized users only. All activities may be monitored and reported.

Authorized users only. All activities may be monitored and reported.

Authorized users only. All activities may be monitored and reported.

Authorized users only. All activities may be monitored and reported.

Authorized users only. All activities may be monitored and reported.
/home/resource_manager/status_sender_activate.sh: line 79: dlsmi: command not found
/home/resource_manager/status_sender_activate.sh: line 80: dlsmi: command not found
[2025-05-09 20:45:15] 主动请求已接收，开始发送状态文件到 10.0.64.2:/home/resource_manager/resource_info
/home/resource_manager/status_sender_activate.sh: line 79: dlsmi: command not found
/home/resource_manager/status_sender_activate.sh: line 80: dlsmi: command not found
/home/resource_manager/status_sender_activate.sh: line 79: dlsmi: command not found
/home/resource_manager/status_sender_activate.sh: line 80: dlsmi: command not found
[2025-05-09 20:45:14] 主动请求已接收，开始发送状态文件到 10.0.64.2:/home/resource_manager/resource_info
/home/resource_manager/status_sender_activate.sh: line 79: dlsmi: command not found
[2025-05-09 20:45:14] 主动请求已接收，开始发送状态文件到 10.0.64.2:/home/resource_manager/resource_info
/home/resource_manager/status_sender_activate.sh: line 79: dlsmi: command not found
/home/resource_manager/status_sender_activate.sh: line 80: dlsmi: command not found
/home/resource_manager/status_sender_activate.sh: line 80: dlsmi: command not found
/home/resource_manager/status_sender_activate.sh: line 79: dlsmi: command not found
/home/resource_manager/status_sender_activate.sh: line 80: dlsmi: command not found
[2025-05-09 20:45:15] 主动请求已接收，开始发送状态文件到 10.0.64.2:/home/resource_manager/resource_info
[2025-05-09 20:45:14] 主动请求已接收，开始发送状态文件到 10.0.64.2:/home/resource_manager/resource_info
/home/resource_manager/status_sender_activate.sh: line 79: dlsmi: command not found
/home/resource_manager/status_sender_activate.sh: line 80: dlsmi: command not found
[2025-05-09 20:45:15] 主动请求已接收，开始发送状态文件到 10.0.64.2:/home/resource_manager/resource_info
[2025-05-09 20:45:15] 主动请求已接收，开始发送状态文件到 10.0.64.2:/home/resource_manager/resource_info
/home/resource_manager/status_sender_activate.sh: line 79: dlsmi: command not found
/home/resource_manager/status_sender_activate.sh: line 80: dlsmi: command not found
[2025-05-09 20:45:15] 主动请求已接收，开始发送状态文件到 10.0.64.2:/home/resource_manager/resource_info

Authorized users only. All activities may be monitored and reported.

Authorized users only. All activities may be monitored and reported.

Authorized users only. All activities may be monitored and reported.

Authorized users only. All activities may be monitored and reported.

Authorized users only. All activities may be monitored and reported.

Authorized users only. All activities may be monitored and reported.

Authorized users only. All activities may be monitored and reported.

Authorized users only. All activities may be monitored and reported.
[2025-05-09 20:45:17] 状态文件发送成功
[成功] 命令已执行: /home/resource_manager/status_sender_activate.sh --ip 10.0.64.2
[2025-05-09 20:45:16] 状态文件发送成功
[成功] 命令已执行: /home/resource_manager/status_sender_activate.sh --ip 10.0.64.2
[2025-05-09 20:45:17] 状态文件发送成功
[成功] 命令已执行: /home/resource_manager/status_sender_activate.sh --ip 10.0.64.2
[2025-05-09 20:45:17] 状态文件发送成功
[成功] 命令已执行: /home/resource_manager/status_sender_activate.sh --ip 10.0.64.2
[2025-05-09 20:45:16] 状态文件发送成功
[2025-05-09 20:45:17] 状态文件发送成功
[成功] 命令已执行: /home/resource_manager/status_sender_activate.sh --ip 10.0.64.2
[成功] 命令已执行: /home/resource_manager/status_sender_activate.sh --ip 10.0.64.2
[2025-05-09 20:45:17] 状态文件发送成功
[成功] 命令已执行: /home/resource_manager/status_sender_activate.sh --ip 10.0.64.2
[2025-05-09 20:45:17] 状态文件发送成功
[成功] 命令已执行: /home/resource_manager/status_sender_activate.sh --ip 10.0.64.2
-- passw0rd@123
退出TSN的VM控制
警告：主逻辑中发生错误：can't read "full_ip": no such variable
