spawn sudo virsh console vm2
Connected to domain vm2
Escape character is ^]

localhost login: root
Password: 
Last login: Fri May  9 19:52:54 on ttyS0

Authorized users only. All activities may be monitored and reported.
[root@localhost ~]# 正在扫描可见域内低轨卫星IP: 10.0.64.42
正在扫描可见域内低轨卫星IP: 10.0.64.90
正在扫描可见域内低轨卫星IP: 10.0.64.166
正在扫描可见域内低轨卫星IP: 10.0.64.170
TSN扫描完成，资源纳管信息正在从TSN中转至NOCC
/home/resource_manager/resource_request.sh -p passw0rd@123 -u root -i 10.0.64.42 &
[1] 26463
[root@localhost ~]# /home/resource_manager/resource_request.sh -p passw0rd@123 -u root -i 10.0.64.90 &
[2] 26464
[root@localhost ~]# /home/resource_manager/resource_request.sh -p passw0rd@123 -u root -i 10.0.64.166 &
[3] 26465
[root@localhost ~]# /home/resource_manager/resource_request.sh -p passw0rd@123 -u root -i 10.0.64.170 &
[4] 26466
[root@localhost ~]# cd /home/resource_manager/resource_info
[root@localhost resource_info]# ls -1
node_status-10.0.64.122.yaml
node_status-10.0.64.126.yaml
node_status-10.0.64.166.yaml
node_status-10.0.64.170.yaml
node_status-10.0.64.34.yaml
node_status-10.0.64.38.yaml
node_status-10.0.64.42.yaml
node_status-10.0.64.46.yaml
node_status-10.0.64.50.yaml
node_status-10.0.64.74.yaml
node_status-10.0.64.78.yaml
node_status-10.0.64.82.yaml
node_status-10.0.64.86.yaml
node_status-10.0.64.90.yaml
node_status-10.0.64.94.yaml
node_status-10.0.64.98.yaml
[root@localhost resource_info]# 正在执行远程命令：/home/resource_manager/status_sender_activate.sh --ip 10.0.64.6
正在执行远程命令：/home/resource_manager/status_sender_activate.sh --ip 10.0.64.6
正在执行远程命令：/home/resource_manager/status_sender_activate.sh --ip 10.0.64.6
正在执行远程命令：/home/resource_manager/status_sender_activate.sh --ip 10.0.64.6

Authorized users only. All activities may be monitored and reported.

Authorized users only. All activities may be monitored and reported.
/home/resource_manager/status_sender_activate.sh: line 79: dlsmi: command not found
/home/resource_manager/status_sender_activate.sh: line 80: dlsmi: command not found
[2025-05-09 19:57:54] 主动请求已接收，开始发送状态文件到 10.0.64.6:/home/resource_manager/resource_info

Authorized users only. All activities may be monitored and reported.
[2025-05-09 19:57:55] 状态文件发送成功
[成功] 命令已执行: /home/resource_manager/status_sender_activate.sh --ip 10.0.64.6
/home/resource_manager/status_sender_activate.sh: line 79: dlsmi: command not found
/home/resource_manager/status_sender_activate.sh: line 80: dlsmi: command not found
[2025-05-09 19:58:01] 主动请求已接收，开始发送状态文件到 10.0.64.6:/home/resource_manager/resource_info

Authorized users only. All activities may be monitored and reported.
[2025-05-09 19:58:03] 状态文件发送成功
[成功] 命令已执行: /home/resource_manager/status_sender_activate.sh --ip 10.0.64.6

Authorized users only. All activities may be monitored and reported.

Authorized users only. All activities may be monitored and reported.
/home/resource_manager/status_sender_activate.sh: line 79: dlsmi: command not found
/home/resource_manager/status_sender_activate.sh: line 80: dlsmi: command not found
/home/resource_manager/status_sender_activate.sh: line 79: dlsmi: command not found
/home/resource_manager/status_sender_activate.sh: line 80: dlsmi: command not found
[2025-05-09 19:58:25] 主动请求已接收，开始发送状态文件到 10.0.64.6:/home/resource_manager/resource_info
[2025-05-09 19:58:25] 主动请求已接收，开始发送状态文件到 10.0.64.6:/home/resource_manager/resource_info

Authorized users only. All activities may be monitored and reported.

Authorized users only. All activities may be monitored and reported.
[2025-05-09 19:58:26] 状态文件发送成功
[成功] 命令已执行: /home/resource_manager/status_sender_activate.sh --ip 10.0.64.6
[2025-05-09 19:58:26] 状态文件发送成功
[成功] 命令已执行: /home/resource_manager/status_sender_activate.sh --ip 10.0.64.6
文件列表已获取 /home/resource_manager/resource_request.sh -p passw0rd@123 -u root -i 10.0.64.90 & [2] 26464 [root@localhost ~]# /home/resource_manager/resource_request.sh -p passw0rd@123 -u root -i 10.0.64.166 & [3] 26465 [root@localhost ~]# /home/resource_manager/resource_request.sh -p passw0rd@123 -u root -i 10.0.64.170 & [4] 26466 [root@localhost ~]# cd /home/resource_manager/resource_info [root@localhost resource_info]# ls -1 node_status-10.0.64.122.yaml
node_status-10.0.64.126.yaml node_status-10.0.64.166.yaml node_status-10.0.64.170.yaml node_status-10.0.64.34.yaml
node_status-10.0.64.38.yaml node_status-10.0.64.42.yaml node_status-10.0.64.46.yaml node_status-10.0.64.50.yaml node_status-10.0.64.74.yaml node_status-10.0.64.78.yaml node_status-10.0.64.82.yaml node_status-10.0.64.86.yaml node_status-10.0.64.90.yaml node_status-10.0.64.94.yaml node_status-10.0.64.98.yaml [root@localhost resource_info]# 正在执行远程命令：/home/resource_manager/status_sender_activate.sh --ip 10.0.64.6 正在执行远程命令：/home/resource_manager/status_sender_activate.sh --ip 10.0.64.6 正在执行远程命令：/home/resource_manager/status_sender_activate.sh --ip 10.0.64.6 正在执行远程命令：/home/resource_manager/status_sender_activate.sh --ip 10.0.64.6  Authorized users only. All activities may be monitored and reported.  Authorized users only. All activities may be monitored and reported. /home/resource_manager/status_sender_activate.sh: line 79: dlsmi: command not found /home/resource_manager/status_sender_activate.sh: line 80: dlsmi: command not found [2025-05-09 19:57:54] 主动请求已接收，开始发送状态文件到 10.0.64.6:/home/resource_manager/resource_info  Authorized users only. All activities may be monitored and reported. [2025-05-09 19:57:55] 状态文件发送成功 [成功] 命令已执行: /home/resource_manager/status_sender_activate.sh --ip 10.0.64.6 /home/resource_manager/status_sender_activate.sh: line 79: dlsmi: command not found /home/resource_manager/status_sender_activate.sh: line 80: dlsmi: command not found [2025-05-09 19:58:01] 主动请求已接收，开始发送状态文件到 10.0.64.6:/home/resource_manager/resource_info  Authorized users only. All activities may be monitored and reported. [2025-05-09 19:58:03] 状态文件发送成功 [成功] 命令已执行: /home/resource_manager/status_sender_activate.sh --ip 10.0.64.6  Authorized users only. All activities may be monitored and reported.  Authorized users only. All activities may be monitored and reported. /home/resource_manager/status_sender_activate.sh: line 79: dlsmi: command not found /home/resource_manager/status_sender_activate.sh: line 80: dlsmi: command not found /home/resource_manager/status_sender_activate.sh: line 79: dlsmi: command not found /home/resource_manager/status_sender_activate.sh: line 80: dlsmi: command not found [2025-05-09 19:58:25] 主动请求已接收，开始发送状态文件到 10.0.64.6:/home/resource_manager/resource_info [2025-05-09 19:58:25] 主动请求已接收，开始发送状态文件到 10.0.64.6:/home/resource_manager/resource_info  Authorized users only. All activities may be monitored and reported.  Authorized users only. All activities may be monitored and reported. [2025-05-09 19:58:26] 状态文件发送成功 [成功] 命令已执行: /home/resource_manager/status_sender_activate.sh --ip 10.0.64.6 [2025-05-09 19:58:26] 状态文件发送成功 [成功] 命令已执行: /home/resource_manager/status_sender_activate.sh --ip 10.0.64.6
can't read "fourth": no such variable
    while executing
"expr ((int($fourth) - 2) / 4) + 1"
    ("foreach" body line 5)
    invoked from within
"foreach file [split $yaml_files] {
    # 提取第四个字段
    regexp {node_status-(\d+\.\d+\.\d+\.(\d+))\.yaml} $file _ full_ip fourth
    # 计..."
    (file "/tmp/tmprr2lo8l4.exp" line 52)
