spawn sudo virsh console vm2
Connected to domain vm2
Escape character is ^]

localhost login: root
Password: 
Last login: Fri May  9 20:52:30 on ttyS0

Authorized users only. All activities may be monitored and reported.
[root@localhost ~]# 正在扫描可见域内低轨卫星IP: 10.0.64.42
/home/resource_manager/resource_request.sh -p passw0rd@123 -u root -i 10.0.64.42
正在执行远程命令：/home/resource_manager/status_sender_activate.sh --ip 10.0.64.6

Authorized users only. All activities may be monitored and reported.
/home/resource_manager/status_sender_activate.sh: line 79: dlsmi: command not found
/home/resource_manager/status_sender_activate.sh: line 80: dlsmi: command not found
[2025-05-09 21:02:06] 主动请求已接收，开始发送状态文件到 10.0.64.6:/home/resource_manager/resource_info

Authorized users only. All activities may be monitored and reported.
[2025-05-09 21:02:08] 状态文件发送成功
[成功] 命令已执行: /home/resource_manager/status_sender_activate.sh --ip 10.0.64.6
[root@localhost ~]# 正在扫描可见域内低轨卫星IP: 10.0.64.90
/home/resource_manager/resource_request.sh -p passw0rd@123 -u root -i 10.0.64.90
正在执行远程命令：/home/resource_manager/status_sender_activate.sh --ip 10.0.64.6

Authorized users only. All activities may be monitored and reported.
/home/resource_manager/status_sender_activate.sh: line 79: dlsmi: command not found
/home/resource_manager/status_sender_activate.sh: line 80: dlsmi: command not found
[2025-05-09 21:02:07] 主动请求已接收，开始发送状态文件到 10.0.64.6:/home/resource_manager/resource_info

Authorized users only. All activities may be monitored and reported.
[2025-05-09 21:02:09] 状态文件发送成功
[成功] 命令已执行: /home/resource_manager/status_sender_activate.sh --ip 10.0.64.6
[root@localhost ~]# 正在扫描可见域内低轨卫星IP: 10.0.64.166
/home/resource_manager/resource_request.sh -p passw0rd@123 -u root -i 10.0.64.166
正在执行远程命令：/home/resource_manager/status_sender_activate.sh --ip 10.0.64.6

Authorized users only. All activities may be monitored and reported.
/home/resource_manager/status_sender_activate.sh: line 79: dlsmi: command not found
/home/resource_manager/status_sender_activate.sh: line 80: dlsmi: command not found
[2025-05-09 21:02:11] 主动请求已接收，开始发送状态文件到 10.0.64.6:/home/resource_manager/resource_info

Authorized users only. All activities may be monitored and reported.
[2025-05-09 21:02:12] 状态文件发送成功
[成功] 命令已执行: /home/resource_manager/status_sender_activate.sh --ip 10.0.64.6
[root@localhost ~]# 正在扫描可见域内低轨卫星IP: 10.0.64.170
/home/resource_manager/resource_request.sh -p passw0rd@123 -u root -i 10.0.64.170
正在执行远程命令：/home/resource_manager/status_sender_activate.sh --ip 10.0.64.6

Authorized users only. All activities may be monitored and reported.
/home/resource_manager/status_sender_activate.sh: line 79: dlsmi: command not found
/home/resource_manager/status_sender_activate.sh: line 80: dlsmi: command not found
[2025-05-09 21:02:14] 主动请求已接收，开始发送状态文件到 10.0.64.6:/home/resource_manager/resource_info

Authorized users only. All activities may be monitored and reported.
[2025-05-09 21:02:15] 状态文件发送成功
[成功] 命令已执行: /home/resource_manager/status_sender_activate.sh --ip 10.0.64.6
[root@localhost ~]# TSN扫描完成，资源纳管信息正在从TSN中转至NOCC
cd /home/resource_manager/resource_info
[root@localhost resource_info]# ls -1
node_status-10.0.64.122.yaml
node_status-10.0.64.126.yaml
node_status-10.0.64.166.yaml
node_status-10.0.64.170.yaml
node_status-10.0.64.34.yaml
node_status-10.0.64.38.yaml
node_status-10.0.64.42.yaml
node_status-10.0.64.46.yaml
node_status-10.0.64.50.yaml
node_status-10.0.64.74.yaml
node_status-10.0.64.78.yaml
node_status-10.0.64.82.yaml
node_status-10.0.64.86.yaml
node_status-10.0.64.90.yaml
node_status-10.0.64.94.yaml
node_status-10.0.64.98.yaml
[root@localhost resource_info]# 文件列表已获取 node_status-10.0.64.122.yaml node_status-10.0.64.126.yaml node_status-10.0.64.166.yaml node_status-10.0.64.170.yaml node_status-10.0.64.34.yaml node_status-10.0.64.38.yaml node_status-10.0.64.42.yaml node_status-10.0.64.46.yaml node_status-10.0.64.50.yaml node_status-10.0.64.74.yaml node_status-10.0.64.78.yaml node_status-10.0.64.82.yaml node_status-10.0.64.86.yaml node_status-10.0.64.90.yaml node_status-10.0.64.94.yaml node_status-10.0.64.98.yaml
-- node_status-10.0.64.122.yaml
full_ip = 10.0.64.122, fourth = 122
31
传输 node_status-10.0.64.122.yaml 到 NOCC节点 10.0.202.2
退出TSN的VM控制
警告：主逻辑中发生错误：missing "
