spawn sudo virsh console vm3
Connected to domain vm3
Escape character is ^]

localhost login: root
Password: 
Last login: Fri May  9 20:44:41 on ttyS0

Authorized users only. All activities may be monitored and reported.
[root@localhost ~]# 正在扫描可见域内低轨卫星IP: 10.0.64.46
/home/resource_manager/resource_request.sh -p passw0rd@123 -u root -i 10.0.64.46
正在执行远程命令：/home/resource_manager/status_sender_activate.sh --ip 10.0.64.10
ssh: connect to host 10.0.64.46 port 22: Connection timed out
[失败] 命令执行失败: /home/resource_manager/status_sender_activate.sh --ip 10.0.64.10
[root@localhost ~]# 正在扫描可见域内低轨卫星IP: 10.0.64.94
/home/resource_manager/resource_request.sh -p passw0rd@123 -u root -i 10.0.64.94
正在执行远程命令：/home/resource_manager/status_sender_activate.sh --ip 10.0.64.10

Authorized users only. All activities may be monitored and reported.
/home/resource_manager/status_sender_activate.sh: line 79: dlsmi: command not found
/home/resource_manager/status_sender_activate.sh: line 80: dlsmi: command not found
[2025-05-09 20:54:46] 主动请求已接收，开始发送状态文件到 10.0.64.10:/home/resource_manager/resource_info

Authorized users only. All activities may be monitored and reported.
[2025-05-09 20:54:47] 状态文件发送成功
[成功] 命令已执行: /home/resource_manager/status_sender_activate.sh --ip 10.0.64.10
[root@localhost ~]# 正在扫描可见域内低轨卫星IP: 10.0.64.174
/home/resource_manager/resource_request.sh -p passw0rd@123 -u root -i 10.0.64.174
正在执行远程命令：/home/resource_manager/status_sender_activate.sh --ip 10.0.64.10

Authorized users only. All activities may be monitored and reported.
/home/resource_manager/status_sender_activate.sh: line 79: dlsmi: command not found
/home/resource_manager/status_sender_activate.sh: line 80: dlsmi: command not found
[2025-05-09 20:54:49] 主动请求已接收，开始发送状态文件到 10.0.64.10:/home/resource_manager/resource_info

Authorized users only. All activities may be monitored and reported.
[2025-05-09 20:54:51] 状态文件发送成功
[成功] 命令已执行: /home/resource_manager/status_sender_activate.sh --ip 10.0.64.10
[root@localhost ~]# TSN扫描完成，资源纳管信息正在从TSN中转至NOCC
cd /home/resource_manager/resource_info
[root@localhost resource_info]# ls -1
node_status-10.0.64.102.yaml
node_status-10.0.64.106.yaml
node_status-10.0.64.126.yaml
node_status-10.0.64.174.yaml
node_status-10.0.64.34.yaml
node_status-10.0.64.38.yaml
node_status-10.0.64.42.yaml
node_status-10.0.64.46.yaml
node_status-10.0.64.50.yaml
node_status-10.0.64.54.yaml
node_status-10.0.64.58.yaml
node_status-10.0.64.78.yaml
node_status-10.0.64.82.yaml
node_status-10.0.64.86.yaml
node_status-10.0.64.90.yaml
node_status-10.0.64.94.yaml
node_status-10.0.64.98.yaml
[root@localhost resource_info]# -- node_status-10.0.64.102.yaml
full_ip = 10.0.64.102, fourth = 102
26
传输 node_status-10.0.64.102.yaml 到 NOCC节点 10.0.202.2
退出TSN的VM控制
警告：主逻辑中发生错误：missing "
