spawn sudo virsh console vm4
Connected to domain vm4
Escape character is ^]

localhost login: root
Password: 
Last login: Fri May  9 19:52:54 on ttyS0

Authorized users only. All activities may be monitored and reported.
[root@localhost ~]# 正在扫描可见域内低轨卫星IP: 10.0.64.50
正在扫描可见域内低轨卫星IP: 10.0.64.98
正在扫描可见域内低轨卫星IP: 10.0.64.130
TSN扫描完成，资源纳管信息正在从TSN中转至NOCC
/home/resource_manager/resource_request.sh -p passw0rd@123 -u root -i 10.0.64.50 &
[1] 24475
[root@localhost ~]# /home/resource_manager/resource_request.sh -p passw0rd@123 -u root -i 10.0.64.98 &
[2] 24476
[root@localhost ~]# /home/resource_manager/resource_request.sh -p passw0rd@123 -u root -i 10.0.64.130 &
[3] 24477
[root@localhost ~]# cd /home/resource_manager/resource_info
[root@localhost resource_info]# ls -1
node_status-10.0.64.102.yaml
node_status-10.0.64.106.yaml
node_status-10.0.64.110.yaml
node_status-10.0.64.114.yaml
node_status-10.0.64.130.yaml
node_status-10.0.64.38.yaml
node_status-10.0.64.42.yaml
node_status-10.0.64.46.yaml
node_status-10.0.64.50.yaml
node_status-10.0.64.54.yaml
node_status-10.0.64.58.yaml
node_status-10.0.64.62.yaml
node_status-10.0.64.66.yaml
node_status-10.0.64.86.yaml
node_status-10.0.64.90.yaml
node_status-10.0.64.94.yaml
node_status-10.0.64.98.yaml
[root@localhost resource_info]# 正在执行远程命令：/home/resource_manager/status_sender_activate.sh --ip 10.0.64.14
正在执行远程命令：/home/resource_manager/status_sender_activate.sh --ip 10.0.64.14
正在执行远程命令：/home/resource_manager/status_sender_activate.sh --ip 10.0.64.14

Authorized users only. All activities may be monitored and reported.

Authorized users only. All activities may be monitored and reported.
/home/resource_manager/status_sender_activate.sh: line 79: dlsmi: command not found
/home/resource_manager/status_sender_activate.sh: line 80: dlsmi: command not found
[2025-05-09 19:58:25] 主动请求已接收，开始发送状态文件到 10.0.64.14:/home/resource_manager/resource_info
/home/resource_manager/status_sender_activate.sh: line 79: dlsmi: command not found
/home/resource_manager/status_sender_activate.sh: line 80: dlsmi: command not found
[2025-05-09 19:58:26] 主动请求已接收，开始发送状态文件到 10.0.64.14:/home/resource_manager/resource_info

Authorized users only. All activities may be monitored and reported.

Authorized users only. All activities may be monitored and reported.
[2025-05-09 19:58:27] 状态文件发送成功
[成功] 命令已执行: /home/resource_manager/status_sender_activate.sh --ip 10.0.64.14
[2025-05-09 19:58:27] 状态文件发送成功
[成功] 命令已执行: /home/resource_manager/status_sender_activate.sh --ip 10.0.64.14

Authorized users only. All activities may be monitored and reported.
/home/resource_manager/status_sender_activate.sh: line 79: dlsmi: command not found
/home/resource_manager/status_sender_activate.sh: line 80: dlsmi: command not found
[2025-05-09 19:58:28] 主动请求已接收，开始发送状态文件到 10.0.64.14:/home/resource_manager/resource_info

Authorized users only. All activities may be monitored and reported.
[2025-05-09 19:58:29] 状态文件发送成功
[成功] 命令已执行: /home/resource_manager/status_sender_activate.sh --ip 10.0.64.14
文件列表已获取 /home/resource_manager/resource_request.sh -p passw0rd@123 -u root -i 10.0.64.98 & [2] 24476 [root@localhost ~]# /home/resource_manager/resource_request.sh -p passw0rd@123 -u root -i 10.0.64.130 & [3] 24477 [root@localhost ~]# cd /home/resource_manager/resource_info [root@localhost resource_info]# ls -1 node_status-10.0.64.102.yaml node_status-10.0.64.106.yaml node_status-10.0.64.110.yaml
node_status-10.0.64.114.yaml node_status-10.0.64.130.yaml node_status-10.0.64.38.yaml node_status-10.0.64.42.yaml node_status-10.0.64.46.yaml node_status-10.0.64.50.yaml node_status-10.0.64.54.yaml node_status-10.0.64.58.yaml node_status-10.0.64.62.yaml node_status-10.0.64.66.yaml node_status-10.0.64.86.yaml node_status-10.0.64.90.yaml node_status-10.0.64.94.yaml node_status-10.0.64.98.yaml [root@localhost resource_info]# 正在执行远程命令：/home/resource_manager/status_sender_activate.sh --ip 10.0.64.14 正在执行远程命令：/home/resource_manager/status_sender_activate.sh --ip 10.0.64.14 正在执行远程命令：/home/resource_manager/status_sender_activate.sh --ip 10.0.64.14  Authorized users only. All activities may be monitored and reported.  Authorized users only. All activities may be monitored and reported. /home/resource_manager/status_sender_activate.sh: line 79: dlsmi: command not found /home/resource_manager/status_sender_activate.sh: line 80: dlsmi: command not found [2025-05-09 19:58:25] 主动请求已接收，开始发送状态文件到 10.0.64.14:/home/resource_manager/resource_info /home/resource_manager/status_sender_activate.sh: line 79: dlsmi: command not found /home/resource_manager/status_sender_activate.sh: line 80: dlsmi: command not found [2025-05-09 19:58:26] 主动请求已接收，开始发送状态文件到 10.0.64.14:/home/resource_manager/resource_info  Authorized users only. All activities may be monitored and reported.  Authorized users only. All activities may be monitored and reported. [2025-05-09 19:58:27] 状态文件发送成功 [成功] 命令已执行: /home/resource_manager/status_sender_activate.sh --ip 10.0.64.14 [2025-05-09 19:58:27] 状态文件发送成功 [成功] 命令已执行: /home/resource_manager/status_sender_activate.sh --ip 10.0.64.14  Authorized users only. All activities may be monitored and reported. /home/resource_manager/status_sender_activate.sh: line 79: dlsmi: command not found /home/resource_manager/status_sender_activate.sh: line 80: dlsmi: command not found [2025-05-09 19:58:28] 主动请求已接收，开始发送状态文件到 10.0.64.14:/home/resource_manager/resource_info  Authorized users only. All activities may be monitored and reported. [2025-05-09 19:58:29] 状态文件发送成功 [成功] 命令已执行: /home/resource_manager/status_sender_activate.sh --ip 10.0.64.14
can't read "fourth": no such variable
    while executing
"expr ((int($fourth) - 2) / 4) + 1"
    ("foreach" body line 5)
    invoked from within
"foreach file [split $yaml_files] {
    # 提取第四个字段
    regexp {node_status-(\d+\.\d+\.\d+\.(\d+))\.yaml} $file _ full_ip fourth
    # 计..."
    (file "/tmp/tmpbcwlc62i.exp" line 52)
