spawn sudo virsh console vm5
Connected to domain vm5
Escape character is ^]

localhost login: root
Password: 
Last login: Fri May  9 19:57:20 on ttyS0

Authorized users only. All activities may be monitored and reported.
[root@localhost ~]# 正在扫描可见域内低轨卫星IP: 10.0.64.54
正在扫描可见域内低轨卫星IP: 10.0.64.58
正在扫描可见域内低轨卫星IP: 10.0.64.102
正在扫描可见域内低轨卫星IP: 10.0.64.106
正在扫描可见域内低轨卫星IP: 10.0.64.134
TSN扫描完成，资源纳管信息正在从TSN中转至NOCC
/home/resource_manager/resource_request.sh -p passw0rd@123 -u root -i 10.0.64.54 &
[1] 26097
[root@localhost ~]# /home/resource_manager/resource_request.sh -p passw0rd@123 -u root -i 10.0.64.58 &
[2] 26098
[root@localhost ~]# /home/resource_manager/resource_request.sh -p passw0rd@123 -u root -i 10.0.64.102 &
[3] 26099
[root@localhost ~]# /home/resource_manager/resource_request.sh -p passw0rd@123 -u root -i 10.0.64.106 &
[4] 26100
[root@localhost ~]# /home/resource_manager/resource_request.sh -p passw0rd@123 -u root -i 10.0.64.134 &
[5] 26101
[root@localhost ~]# cd /home/resource_manager/resource_info
[root@localhost resource_info]# ls -1
node_status-10.0.64.102.yaml
node_status-10.0.64.106.yaml
node_status-10.0.64.110.yaml
node_status-10.0.64.114.yaml
node_status-10.0.64.118.yaml
node_status-10.0.64.134.yaml
node_status-10.0.64.46.yaml
node_status-10.0.64.50.yaml
node_status-10.0.64.54.yaml
node_status-10.0.64.58.yaml
node_status-10.0.64.62.yaml
node_status-10.0.64.66.yaml
node_status-10.0.64.70.yaml
node_status-10.0.64.94.yaml
node_status-10.0.64.98.yaml
[root@localhost resource_info]# 正在执行远程命令：/home/resource_manager/status_sender_activate.sh --ip 10.0.64.18
正在执行远程命令：/home/resource_manager/status_sender_activate.sh --ip 10.0.64.18
正在执行远程命令：/home/resource_manager/status_sender_activate.sh --ip 10.0.64.18
正在执行远程命令：/home/resource_manager/status_sender_activate.sh --ip 10.0.64.18
正在执行远程命令：/home/resource_manager/status_sender_activate.sh --ip 10.0.64.18

Authorized users only. All activities may be monitored and reported.

Authorized users only. All activities may be monitored and reported.

Authorized users only. All activities may be monitored and reported.

Authorized users only. All activities may be monitored and reported.
/home/resource_manager/status_sender_activate.sh: line 79: dlsmi: command not found
/home/resource_manager/status_sender_activate.sh: line 80: dlsmi: command not found
/home/resource_manager/status_sender_activate.sh: line 79: dlsmi: command not found
/home/resource_manager/status_sender_activate.sh: line 80: dlsmi: command not found
[2025-05-09 20:45:46] 主动请求已接收，开始发送状态文件到 10.0.64.18:/home/resource_manager/resource_info
[2025-05-09 20:45:46] 主动请求已接收，开始发送状态文件到 10.0.64.18:/home/resource_manager/resource_info
/home/resource_manager/status_sender_activate.sh: line 79: dlsmi: command not found
/home/resource_manager/status_sender_activate.sh: line 80: dlsmi: command not found
[2025-05-09 20:45:47] 主动请求已接收，开始发送状态文件到 10.0.64.18:/home/resource_manager/resource_info
/home/resource_manager/status_sender_activate.sh: line 79: dlsmi: command not found
/home/resource_manager/status_sender_activate.sh: line 80: dlsmi: command not found
[2025-05-09 20:45:47] 主动请求已接收，开始发送状态文件到 10.0.64.18:/home/resource_manager/resource_info

Authorized users only. All activities may be monitored and reported.

Authorized users only. All activities may be monitored and reported.

Authorized users only. All activities may be monitored and reported.

Authorized users only. All activities may be monitored and reported.
[2025-05-09 20:45:48] 状态文件发送成功
[成功] 命令已执行: /home/resource_manager/status_sender_activate.sh --ip 10.0.64.18
[2025-05-09 20:45:48] 状态文件发送成功
[成功] 命令已执行: /home/resource_manager/status_sender_activate.sh --ip 10.0.64.18
[2025-05-09 20:45:48] 状态文件发送成功
[成功] 命令已执行: /home/resource_manager/status_sender_activate.sh --ip 10.0.64.18
[2025-05-09 20:45:49] 状态文件发送成功
[成功] 命令已执行: /home/resource_manager/status_sender_activate.sh --ip 10.0.64.18
ssh: connect to host 10.0.64.54 port 22: Connection timed out
[失败] 命令执行失败: /home/resource_manager/status_sender_activate.sh --ip 10.0.64.18
