spawn sudo virsh console vm6
Connected to domain vm6
Escape character is ^]

localhost login: root
Password: 
Last login: Fri May  9 20:52:30 on ttyS0

Authorized users only. All activities may be monitored and reported.
[root@localhost ~]# 正在扫描可见域内低轨卫星IP: 10.0.64.62
/home/resource_manager/resource_request.sh -p passw0rd@123 -u root -i 10.0.64.62
正在执行远程命令：/home/resource_manager/status_sender_activate.sh --ip 10.0.64.22

Authorized users only. All activities may be monitored and reported.
/home/resource_manager/status_sender_activate.sh: line 79: dlsmi: command not found
/home/resource_manager/status_sender_activate.sh: line 80: dlsmi: command not found
[2025-05-09 21:02:38] 主动请求已接收，开始发送状态文件到 10.0.64.22:/home/resource_manager/resource_info

Authorized users only. All activities may be monitored and reported.
[2025-05-09 21:02:39] 状态文件发送成功
[成功] 命令已执行: /home/resource_manager/status_sender_activate.sh --ip 10.0.64.22
[root@localhost ~]# 正在扫描可见域内低轨卫星IP: 10.0.64.110
/home/resource_manager/resource_request.sh -p passw0rd@123 -u root -i 10.0.64.110
正在执行远程命令：/home/resource_manager/status_sender_activate.sh --ip 10.0.64.22

Authorized users only. All activities may be monitored and reported.
/home/resource_manager/status_sender_activate.sh: line 79: dlsmi: command not found
/home/resource_manager/status_sender_activate.sh: line 80: dlsmi: command not found
[2025-05-09 21:02:41] 主动请求已接收，开始发送状态文件到 10.0.64.22:/home/resource_manager/resource_info

Authorized users only. All activities may be monitored and reported.
[2025-05-09 21:02:42] 状态文件发送成功
[成功] 命令已执行: /home/resource_manager/status_sender_activate.sh --ip 10.0.64.22
[root@localhost ~]# 正在扫描可见域内低轨卫星IP: 10.0.64.138
/home/resource_manager/resource_request.sh -p passw0rd@123 -u root -i 10.0.64.138
正在执行远程命令：/home/resource_manager/status_sender_activate.sh --ip 10.0.64.22

Authorized users only. All activities may be monitored and reported.
/home/resource_manager/status_sender_activate.sh: line 79: dlsmi: command not found
/home/resource_manager/status_sender_activate.sh: line 80: dlsmi: command not found
[2025-05-09 21:02:43] 主动请求已接收，开始发送状态文件到 10.0.64.22:/home/resource_manager/resource_info

Authorized users only. All activities may be monitored and reported.
[2025-05-09 21:02:44] 状态文件发送成功
[成功] 命令已执行: /home/resource_manager/status_sender_activate.sh --ip 10.0.64.22
[root@localhost ~]# 正在扫描可见域内低轨卫星IP: 10.0.64.142
/home/resource_manager/resource_request.sh -p passw0rd@123 -u root -i 10.0.64.142
正在执行远程命令：/home/resource_manager/status_sender_activate.sh --ip 10.0.64.22

Authorized users only. All activities may be monitored and reported.
/home/resource_manager/status_sender_activate.sh: line 79: dlsmi: command not found
/home/resource_manager/status_sender_activate.sh: line 80: dlsmi: command not found
[2025-05-09 21:02:46] 主动请求已接收，开始发送状态文件到 10.0.64.22:/home/resource_manager/resource_info

Authorized users only. All activities may be monitored and reported.
[2025-05-09 21:02:48] 状态文件发送成功
[成功] 命令已执行: /home/resource_manager/status_sender_activate.sh --ip 10.0.64.22
[root@localhost ~]# TSN扫描完成，资源纳管信息正在从TSN中转至NOCC
cd /home/resource_manager/resource_info
[root@localhost resource_info]# ls -1
node_status-10.0.64.102.yaml
node_status-10.0.64.106.yaml
node_status-10.0.64.110.yaml
node_status-10.0.64.114.yaml
node_status-10.0.64.118.yaml
node_status-10.0.64.122.yaml
node_status-10.0.64.138.yaml
node_status-10.0.64.142.yaml
node_status-10.0.64.46.yaml
node_status-10.0.64.50.yaml
node_status-10.0.64.54.yaml
node_status-10.0.64.58.yaml
node_status-10.0.64.62.yaml
node_status-10.0.64.66.yaml
node_status-10.0.64.70.yaml
node_status-10.0.64.74.yaml
node_status-10.0.64.94.yaml
node_status-10.0.64.98.yaml
[root@localhost resource_info]# 文件列表已获取 node_status-10.0.64.102.yaml node_status-10.0.64.106.yaml node_status-10.0.64.110.yaml node_status-10.0.64.114.yaml node_status-10.0.64.118.yaml node_status-10.0.64.122.yaml node_status-10.0.64.138.yaml node_status-10.0.64.142.yaml node_status-10.0.64.46.yaml node_status-10.0.64.50.yaml node_status-10.0.64.54.yaml node_status-10.0.64.58.yaml node_status-10.0.64.62.yaml node_status-10.0.64.66.yaml node_status-10.0.64.70.yaml node_status-10.0.64.74.yaml node_status-10.0.64.94.yaml node_status-10.0.64.98.yaml
-- node_status-10.0.64.102.yaml
full_ip = 10.0.64.102, fourth = 102
26
传输 node_status-10.0.64.102.yaml 到 NOCC节点 10.0.202.2
退出TSN的VM控制
警告：主逻辑中发生错误：missing "
