spawn sudo virsh console vm6
Connected to domain vm6
Escape character is ^]


Login incorrect
login: timed out after 60 seconds

Authorized users only. All activities may be monitored and reported.
localhost login: root
Password: 
Last login: Fri May  9 21:01:32 on ttyS0

Authorized users only. All activities may be monitored and reported.
[root@localhost ~]# 正在扫描可见域内低轨卫星IP: 10.0.64.62
/home/resource_manager/resource_request.sh -p passw0rd@123 -u root -i 10.0.64.62
正在执行远程命令：/home/resource_manager/status_sender_activate.sh --ip 10.0.64.22
ssh: connect to host 10.0.64.62 port 22: Connection timed out
[失败] 命令执行失败: /home/resource_manager/status_sender_activate.sh --ip 10.0.64.22
[root@localhost ~]# 正在扫描可见域内低轨卫星IP: 10.0.64.110
/home/resource_manager/resource_request.sh -p passw0rd@123 -u root -i 10.0.64.110
正在执行远程命令：/home/resource_manager/status_sender_activate.sh --ip 10.0.64.22

Authorized users only. All activities may be monitored and reported.
/home/resource_manager/status_sender_activate.sh: line 79: dlsmi: command not found
/home/resource_manager/status_sender_activate.sh: line 80: dlsmi: command not found
[2025-05-09 21:16:51] 主动请求已接收，开始发送状态文件到 10.0.64.22:/home/resource_manager/resource_info

Authorized users only. All activities may be monitored and reported.
[2025-05-09 21:16:52] 状态文件发送成功
[成功] 命令已执行: /home/resource_manager/status_sender_activate.sh --ip 10.0.64.22
[root@localhost ~]# 正在扫描可见域内低轨卫星IP: 10.0.64.138
/home/resource_manager/resource_request.sh -p passw0rd@123 -u root -i 10.0.64.138
正在执行远程命令：/home/resource_manager/status_sender_activate.sh --ip 10.0.64.22

Authorized users only. All activities may be monitored and reported.
/home/resource_manager/status_sender_activate.sh: line 79: dlsmi: command not found
/home/resource_manager/status_sender_activate.sh: line 80: dlsmi: command not found
[2025-05-09 21:16:53] 主动请求已接收，开始发送状态文件到 10.0.64.22:/home/resource_manager/resource_info

Authorized users only. All activities may be monitored and reported.
[2025-05-09 21:16:54] 状态文件发送成功
[成功] 命令已执行: /home/resource_manager/status_sender_activate.sh --ip 10.0.64.22
[root@localhost ~]# 正在扫描可见域内低轨卫星IP: 10.0.64.142
/home/resource_manager/resource_request.sh -p passw0rd@123 -u root -i 10.0.64.142
正在执行远程命令：/home/resource_manager/status_sender_activate.sh --ip 10.0.64.22

Authorized users only. All activities may be monitored and reported.
/home/resource_manager/status_sender_activate.sh: line 79: dlsmi: command not found
/home/resource_manager/status_sender_activate.sh: line 80: dlsmi: command not found
[2025-05-09 21:16:56] 主动请求已接收，开始发送状态文件到 10.0.64.22:/home/resource_manager/resource_info

Authorized users only. All activities may be monitored and reported.
[2025-05-09 21:16:58] 状态文件发送成功
[成功] 命令已执行: /home/resource_manager/status_sender_activate.sh --ip 10.0.64.22
[root@localhost ~]# TSN扫描完成，资源纳管信息正在从TSN中转至NOCC
cd /home/resource_manager/resource_info
[root@localhost resource_info]# ls -1
node_status-10.0.64.102.yaml
node_status-10.0.64.106.yaml
node_status-10.0.64.110.yaml
node_status-10.0.64.114.yaml
node_status-10.0.64.118.yaml
node_status-10.0.64.122.yaml
node_status-10.0.64.138.yaml
node_status-10.0.64.142.yaml
node_status-10.0.64.46.yaml
node_status-10.0.64.50.yaml
node_status-10.0.64.54.yaml
node_status-10.0.64.58.yaml
node_status-10.0.64.62.yaml
node_status-10.0.64.66.yaml
node_status-10.0.64.70.yaml
node_status-10.0.64.74.yaml
node_status-10.0.64.94.yaml
node_status-10.0.64.98.yaml
[root@localhost resource_info]# 文件列表已获取 node_status-10.0.64.102.yaml node_status-10.0.64.106.yaml node_status-10.0.64.110.yaml node_status-10.0.64.114.yaml node_status-10.0.64.118.yaml node_status-10.0.64.122.yaml node_status-10.0.64.138.yaml node_status-10.0.64.142.yaml node_status-10.0.64.46.yaml node_status-10.0.64.50.yaml node_status-10.0.64.54.yaml node_status-10.0.64.58.yaml node_status-10.0.64.62.yaml node_status-10.0.64.66.yaml node_status-10.0.64.70.yaml node_status-10.0.64.74.yaml node_status-10.0.64.94.yaml node_status-10.0.64.98.yaml
-- node_status-10.0.64.102.yaml
full_ip = 10.0.64.102, fourth = 102
26
传输 node_status-10.0.64.102.yaml 到 NOCC节点 10.0.202.2
-- node_status-10.0.64.106.yaml
full_ip = 10.0.64.106, fourth = 106
27
传输 node_status-10.0.64.106.yaml 到 NOCC节点 10.0.202.2
-- node_status-10.0.64.110.yaml
full_ip = 10.0.64.110, fourth = 110
28
传输 node_status-10.0.64.110.yaml 到 NOCC节点 10.0.202.2
-- node_status-10.0.64.114.yaml
full_ip = 10.0.64.114, fourth = 114
29
传输 node_status-10.0.64.114.yaml 到 NOCC节点 10.0.202.2
-- node_status-10.0.64.118.yaml
full_ip = 10.0.64.118, fourth = 118
30
传输 node_status-10.0.64.118.yaml 到 NOCC节点 10.0.202.2
-- node_status-10.0.64.122.yaml
full_ip = 10.0.64.122, fourth = 122
31
传输 node_status-10.0.64.122.yaml 到 NOCC节点 10.0.202.2
-- node_status-10.0.64.138.yaml
full_ip = 10.0.64.138, fourth = 138
35
传输 node_status-10.0.64.138.yaml 到 NOCC节点 10.0.202.2
-- node_status-10.0.64.142.yaml
full_ip = 10.0.64.142, fourth = 142
36
传输 node_status-10.0.64.142.yaml 到 NOCC节点 10.0.202.2
-- node_status-10.0.64.46.yaml
full_ip = 10.0.64.46, fourth = 46
12
传输 node_status-10.0.64.46.yaml 到 NOCC节点 10.0.201.2
-- node_status-10.0.64.50.yaml
full_ip = 10.0.64.50, fourth = 50
13
传输 node_status-10.0.64.50.yaml 到 NOCC节点 10.0.201.2
-- node_status-10.0.64.54.yaml
full_ip = 10.0.64.54, fourth = 54
14
传输 node_status-10.0.64.54.yaml 到 NOCC节点 10.0.201.2
-- node_status-10.0.64.58.yaml
full_ip = 10.0.64.58, fourth = 58
15
传输 node_status-10.0.64.58.yaml 到 NOCC节点 10.0.201.2
-- node_status-10.0.64.62.yaml
full_ip = 10.0.64.62, fourth = 62
16
传输 node_status-10.0.64.62.yaml 到 NOCC节点 10.0.201.2
-- node_status-10.0.64.66.yaml
full_ip = 10.0.64.66, fourth = 66
17
传输 node_status-10.0.64.66.yaml 到 NOCC节点 10.0.201.2
-- node_status-10.0.64.70.yaml
full_ip = 10.0.64.70, fourth = 70
18
传输 node_status-10.0.64.70.yaml 到 NOCC节点 10.0.201.2
-- node_status-10.0.64.74.yaml
full_ip = 10.0.64.74, fourth = 74
19
传输 node_status-10.0.64.74.yaml 到 NOCC节点 10.0.201.2
-- node_status-10.0.64.94.yaml
full_ip = 10.0.64.94, fourth = 94
24
传输 node_status-10.0.64.94.yaml 到 NOCC节点 10.0.202.2
-- node_status-10.0.64.98.yaml
full_ip = 10.0.64.98, fourth = 98
25
传输 node_status-10.0.64.98.yaml 到 NOCC节点 10.0.202.2
退出TSN的VM控制
