spawn sudo virsh console vm7
Connected to domain vm7
Escape character is ^]


Login incorrect


Authorized users only. All activities may be monitored and reported.
localhost login: root
Password: 
Last login: Fri May  9 21:34:16 on ttyS0

Authorized users only. All activities may be monitored and reported.
[root@localhost ~]# 正在扫描可见域内低轨卫星IP: 10.0.64.66
/home/resource_manager/resource_request.sh -p passw0rd@123 -u root -i 10.0.64.66
正在执行远程命令：/home/resource_manager/status_sender_activate.sh --ip 10.0.64.26

Authorized users only. All activities may be monitored and reported.
/home/resource_manager/status_sender_activate.sh: line 79: dlsmi: command not found
/home/resource_manager/status_sender_activate.sh: line 80: dlsmi: command not found
[2025-05-09 21:40:51] 主动请求已接收，开始发送状态文件到 10.0.64.26:/home/resource_manager/resource_info

Authorized users only. All activities may be monitored and reported.
[2025-05-09 21:40:52] 状态文件发送成功
[成功] 命令已执行: /home/resource_manager/status_sender_activate.sh --ip 10.0.64.26
[root@localhost ~]# 获取成功直接转发nocc
66
17
传输到 NOCC节点 10.0.201.2
正在扫描可见域内低轨卫星IP: 10.0.64.114
/home/resource_manager/resource_request.sh -p passw0rd@123 -u root -i 10.0.64.114
正在执行远程命令：/home/resource_manager/status_sender_activate.sh --ip 10.0.64.26

Authorized users only. All activities may be monitored and reported.
/home/resource_manager/status_sender_activate.sh: line 79: dlsmi: command not found
/home/resource_manager/status_sender_activate.sh: line 80: dlsmi: command not found
[2025-05-09 21:40:53] 主动请求已接收，开始发送状态文件到 10.0.64.26:/home/resource_manager/resource_info

Authorized users only. All activities may be monitored and reported.
[2025-05-09 21:40:54] 状态文件发送成功
[成功] 命令已执行: /home/resource_manager/status_sender_activate.sh --ip 10.0.64.26
[root@localhost ~]# 获取成功直接转发nocc
114
29
传输到 NOCC节点 10.0.202.2
正在扫描可见域内低轨卫星IP: 10.0.64.146
/home/resource_manager/resource_request.sh -p passw0rd@123 -u root -i 10.0.64.146
正在执行远程命令：/home/resource_manager/status_sender_activate.sh --ip 10.0.64.26

Authorized users only. All activities may be monitored and reported.
/home/resource_manager/status_sender_activate.sh: line 79: dlsmi: command not found
/home/resource_manager/status_sender_activate.sh: line 80: dlsmi: command not found
[2025-05-09 21:40:56] 主动请求已接收，开始发送状态文件到 10.0.64.26:/home/resource_manager/resource_info

Authorized users only. All activities may be monitored and reported.
[2025-05-09 21:40:57] 状态文件发送成功
[成功] 命令已执行: /home/resource_manager/status_sender_activate.sh --ip 10.0.64.26
[root@localhost ~]# 获取成功直接转发nocc
146
37
传输到 NOCC节点 10.0.202.2
正在扫描可见域内低轨卫星IP: 10.0.64.150
/home/resource_manager/resource_request.sh -p passw0rd@123 -u root -i 10.0.64.150
正在执行远程命令：/home/resource_manager/status_sender_activate.sh --ip 10.0.64.26

Authorized users only. All activities may be monitored and reported.
/home/resource_manager/status_sender_activate.sh: line 79: dlsmi: command not found
/home/resource_manager/status_sender_activate.sh: line 80: dlsmi: command not found
[2025-05-09 21:40:59] 主动请求已接收，开始发送状态文件到 10.0.64.26:/home/resource_manager/resource_info

Authorized users only. All activities may be monitored and reported.
[2025-05-09 21:41:00] 状态文件发送成功
[成功] 命令已执行: /home/resource_manager/status_sender_activate.sh --ip 10.0.64.26
[root@localhost ~]# 获取成功直接转发nocc
150
38
传输到 NOCC节点 10.0.202.2
TSN扫描完成，资源纳管信息正在从TSN中转至NOCC
cd /home/resource_manager/resource_info
[root@localhost resource_info]# ls -1
node_status-10.0.64.102.yaml
node_status-10.0.64.106.yaml
node_status-10.0.64.110.yaml
node_status-10.0.64.114.yaml
node_status-10.0.64.118.yaml
node_status-10.0.64.122.yaml
node_status-10.0.64.126.yaml
node_status-10.0.64.146.yaml
node_status-10.0.64.150.yaml
node_status-10.0.64.54.yaml
node_status-10.0.64.58.yaml
node_status-10.0.64.62.yaml
node_status-10.0.64.66.yaml
node_status-10.0.64.70.yaml
node_status-10.0.64.74.yaml
node_status-10.0.64.78.yaml
[root@localhost resource_info]# 