spawn sudo virsh console vm7
Connected to domain vm7
Escape character is ^]

localhost login: root
Password: 
Last login: Fri May  9 19:52:55 on ttyS0

Authorized users only. All activities may be monitored and reported.
[root@localhost ~]# 正在扫描可见域内低轨卫星IP: 10.0.64.66
正在扫描可见域内低轨卫星IP: 10.0.64.114
正在扫描可见域内低轨卫星IP: 10.0.64.146
正在扫描可见域内低轨卫星IP: 10.0.64.150
TSN扫描完成，资源纳管信息正在从TSN中转至NOCC
/home/resource_manager/resource_request.sh -p passw0rd@123 -u root -i 10.0.64.66 &
[1] 25452
[root@localhost ~]# /home/resource_manager/resource_request.sh -p passw0rd@123 -u root -i 10.0.64.114 &
[2] 25453
[root@localhost ~]# /home/resource_manager/resource_request.sh -p passw0rd@123 -u root -i 10.0.64.146 &
[3] 25454
[root@localhost ~]# /home/resource_manager/resource_request.sh -p passw0rd@123 -u root -i 10.0.64.150 &
[4] 25455
[root@localhost ~]# cd /home/resource_manager/resource_info
[root@localhost resource_info]# ls -1
node_status-10.0.64.102.yaml
node_status-10.0.64.106.yaml
node_status-10.0.64.110.yaml
node_status-10.0.64.114.yaml
node_status-10.0.64.118.yaml
node_status-10.0.64.122.yaml
node_status-10.0.64.126.yaml
node_status-10.0.64.146.yaml
node_status-10.0.64.150.yaml
node_status-10.0.64.54.yaml
node_status-10.0.64.58.yaml
node_status-10.0.64.62.yaml
node_status-10.0.64.66.yaml
node_status-10.0.64.70.yaml
node_status-10.0.64.74.yaml
node_status-10.0.64.78.yaml
[root@localhost resource_info]# 正在执行远程命令：/home/resource_manager/status_sender_activate.sh --ip 10.0.64.26
正在执行远程命令：/home/resource_manager/status_sender_activate.sh --ip 10.0.64.26
正在执行远程命令：/home/resource_manager/status_sender_activate.sh --ip 10.0.64.26
正在执行远程命令：/home/resource_manager/status_sender_activate.sh --ip 10.0.64.26

Authorized users only. All activities may be monitored and reported.

Authorized users only. All activities may be monitored and reported.

Authorized users only. All activities may be monitored and reported.

Authorized users only. All activities may be monitored and reported.
/home/resource_manager/status_sender_activate.sh: line 79: dlsmi: command not found
/home/resource_manager/status_sender_activate.sh: line 80: dlsmi: command not found
[2025-05-09 19:58:26] 主动请求已接收，开始发送状态文件到 10.0.64.26:/home/resource_manager/resource_info
/home/resource_manager/status_sender_activate.sh: line 79: dlsmi: command not found
/home/resource_manager/status_sender_activate.sh: line 80: dlsmi: command not found
/home/resource_manager/status_sender_activate.sh: line 79: dlsmi: command not found
/home/resource_manager/status_sender_activate.sh: line 80: dlsmi: command not found
/home/resource_manager/status_sender_activate.sh: line 79: dlsmi: command not found
/home/resource_manager/status_sender_activate.sh: line 80: dlsmi: command not found
[2025-05-09 19:58:26] 主动请求已接收，开始发送状态文件到 10.0.64.26:/home/resource_manager/resource_info
[2025-05-09 19:58:26] 主动请求已接收，开始发送状态文件到 10.0.64.26:/home/resource_manager/resource_info
[2025-05-09 19:58:25] 主动请求已接收，开始发送状态文件到 10.0.64.26:/home/resource_manager/resource_info

Authorized users only. All activities may be monitored and reported.

Authorized users only. All activities may be monitored and reported.

Authorized users only. All activities may be monitored and reported.

Authorized users only. All activities may be monitored and reported.
[2025-05-09 19:58:27] 状态文件发送成功
[成功] 命令已执行: /home/resource_manager/status_sender_activate.sh --ip 10.0.64.26
[2025-05-09 19:58:27] 状态文件发送成功
[成功] 命令已执行: /home/resource_manager/status_sender_activate.sh --ip 10.0.64.26
[2025-05-09 19:58:27] 状态文件发送成功
[成功] 命令已执行: /home/resource_manager/status_sender_activate.sh --ip 10.0.64.26
[2025-05-09 19:58:27] 状态文件发送成功
[成功] 命令已执行: /home/resource_manager/status_sender_activate.sh --ip 10.0.64.26
文件列表已获取 /home/resource_manager/resource_request.sh -p passw0rd@123 -u root -i 10.0.64.114 & [2] 25453 [root@localhost ~]# /home/resource_manager/resource_request.sh -p passw0rd@123 -u root -i 10.0.64.146 & [3] 25454 [root@localhost ~]# /home/resource_manager/resource_request.sh -p passw0rd@123 -u root -i 10.0.64.150 & [4] 25455 [root@localhost ~]# cd /home/resource_manager/resource_info [root@localhost resource_info]# ls -1 node_status-10.0.64.102.yaml node_status-10.0.64.106.yaml node_status-10.0.64.110.yaml node_status-10.0.64.114.yaml
node_status-10.0.64.118.yaml node_status-10.0.64.122.yaml node_status-10.0.64.126.yaml node_status-10.0.64.146.yaml node_status-10.0.64.150.yaml node_status-10.0.64.54.yaml node_status-10.0.64.58.yaml node_status-10.0.64.62.yaml node_status-10.0.64.66.yaml node_status-10.0.64.70.yaml node_status-10.0.64.74.yaml node_status-10.0.64.78.yaml [root@localhost resource_info]# 正在执行远程命令：/home/resource_manager/status_sender_activate.sh --ip 10.0.64.26 正在执行远程命令：/home/resource_manager/status_sender_activate.sh --ip 10.0.64.26 正在执行远程命令：/home/resource_manager/status_sender_activate.sh --ip 10.0.64.26 正在执行远程命令：/home/resource_manager/status_sender_activate.sh --ip 10.0.64.26  Authorized users only. All activities may be monitored and reported.  Authorized users only. All activities may be monitored and reported.  Authorized users only. All activities may be monitored and reported.  Authorized users only. All activities may be monitored and reported. /home/resource_manager/status_sender_activate.sh: line 79: dlsmi: command not found /home/resource_manager/status_sender_activate.sh: line 80: dlsmi: command not found [2025-05-09 19:58:26] 主动请求已接收，开始发送状态文件到 10.0.64.26:/home/resource_manager/resource_info /home/resource_manager/status_sender_activate.sh: line 79: dlsmi: command not found /home/resource_manager/status_sender_activate.sh: line 80: dlsmi: command not found /home/resource_manager/status_sender_activate.sh: line 79: dlsmi: command not found /home/resource_manager/status_sender_activate.sh: line 80: dlsmi: command not found /home/resource_manager/status_sender_activate.sh: line 79: dlsmi: command not found /home/resource_manager/status_sender_activate.sh: line 80: dlsmi: command not found [2025-05-09 19:58:26] 主动请求已接收，开始发送状态文件到 10.0.64.26:/home/resource_manager/resource_info [2025-05-09 19:58:26] 主动请求已接收，开始发送状态文件到 10.0.64.26:/home/resource_manager/resource_info [2025-05-09 19:58:25] 主动请求已接收，开始发送状态文件到 10.0.64.26:/home/resource_manager/resource_info  Authorized users only. All activities may be monitored and reported.  Authorized users only. All activities may be monitored and reported.  Authorized users only. All activities may be monitored and reported.  Authorized users only. All activities may be monitored and reported. [2025-05-09 19:58:27] 状态文件发送成功 [成功] 命令已执行: /home/resource_manager/status_sender_activate.sh --ip 10.0.64.26 [2025-05-09 19:58:27] 状态文件发送成功 [成功] 命令已执行: /home/resource_manager/status_sender_activate.sh --ip 10.0.64.26 [2025-05-09 19:58:27] 状态文件发送成功 [成功] 命令已执行: /home/resource_manager/status_sender_activate.sh --ip 10.0.64.26 [2025-05-09 19:58:27] 状态文件发送成功 [成功] 命令已执行: /home/resource_manager/status_sender_activate.sh --ip 10.0.64.26
can't read "fourth": no such variable
    while executing
"expr ((int($fourth) - 2) / 4) + 1"
    ("foreach" body line 5)
    invoked from within
"foreach file [split $yaml_files] {
    # 提取第四个字段
    regexp {node_status-(\d+\.\d+\.\d+\.(\d+))\.yaml} $file _ full_ip fourth
    # 计..."
    (file "/tmp/tmp044ivzmm.exp" line 52)
