spawn sudo virsh console vm8
Connected to domain vm8
Escape character is ^]


Login incorrect


Authorized users only. All activities may be monitored and reported.
localhost login: root
Password: 
Last login: Fri May  9 21:01:32 on ttyS0

Authorized users only. All activities may be monitored and reported.
[root@localhost ~]# 正在扫描可见域内低轨卫星IP: 10.0.64.70
/home/resource_manager/resource_request.sh -p passw0rd@123 -u root -i 10.0.64.70
正在执行远程命令：/home/resource_manager/status_sender_activate.sh --ip 10.0.64.30

Authorized users only. All activities may be monitored and reported.
/home/resource_manager/status_sender_activate.sh: line 79: dlsmi: command not found
/home/resource_manager/status_sender_activate.sh: line 80: dlsmi: command not found
[2025-05-09 21:15:45] 主动请求已接收，开始发送状态文件到 10.0.64.30:/home/resource_manager/resource_info

Authorized users only. All activities may be monitored and reported.
[2025-05-09 21:15:46] 状态文件发送成功
[成功] 命令已执行: /home/resource_manager/status_sender_activate.sh --ip 10.0.64.30
[root@localhost ~]# 正在扫描可见域内低轨卫星IP: 10.0.64.74
/home/resource_manager/resource_request.sh -p passw0rd@123 -u root -i 10.0.64.74
正在执行远程命令：/home/resource_manager/status_sender_activate.sh --ip 10.0.64.30

Authorized users only. All activities may be monitored and reported.
/home/resource_manager/status_sender_activate.sh: line 79: dlsmi: command not found
/home/resource_manager/status_sender_activate.sh: line 80: dlsmi: command not found
[2025-05-09 21:15:47] 主动请求已接收，开始发送状态文件到 10.0.64.30:/home/resource_manager/resource_info

Authorized users only. All activities may be monitored and reported.
[2025-05-09 21:15:49] 状态文件发送成功
[成功] 命令已执行: /home/resource_manager/status_sender_activate.sh --ip 10.0.64.30
[root@localhost ~]# 正在扫描可见域内低轨卫星IP: 10.0.64.118
/home/resource_manager/resource_request.sh -p passw0rd@123 -u root -i 10.0.64.118
正在执行远程命令：/home/resource_manager/status_sender_activate.sh --ip 10.0.64.30

Authorized users only. All activities may be monitored and reported.
/home/resource_manager/status_sender_activate.sh: line 79: dlsmi: command not found
/home/resource_manager/status_sender_activate.sh: line 80: dlsmi: command not found
[2025-05-09 21:15:50] 主动请求已接收，开始发送状态文件到 10.0.64.30:/home/resource_manager/resource_info

Authorized users only. All activities may be monitored and reported.
[2025-05-09 21:15:51] 状态文件发送成功
[成功] 命令已执行: /home/resource_manager/status_sender_activate.sh --ip 10.0.64.30
[root@localhost ~]# 正在扫描可见域内低轨卫星IP: 10.0.64.122
/home/resource_manager/resource_request.sh -p passw0rd@123 -u root -i 10.0.64.122
正在执行远程命令：/home/resource_manager/status_sender_activate.sh --ip 10.0.64.30

Authorized users only. All activities may be monitored and reported.
/home/resource_manager/status_sender_activate.sh: line 79: dlsmi: command not found
/home/resource_manager/status_sender_activate.sh: line 80: dlsmi: command not found
[2025-05-09 21:15:54] 主动请求已接收，开始发送状态文件到 10.0.64.30:/home/resource_manager/resource_info

Authorized users only. All activities may be monitored and reported.
[2025-05-09 21:15:55] 状态文件发送成功
[成功] 命令已执行: /home/resource_manager/status_sender_activate.sh --ip 10.0.64.30
[root@localhost ~]# 正在扫描可见域内低轨卫星IP: 10.0.64.154
/home/resource_manager/resource_request.sh -p passw0rd@123 -u root -i 10.0.64.154
正在执行远程命令：/home/resource_manager/status_sender_activate.sh --ip 10.0.64.30

Authorized users only. All activities may be monitored and reported.
/home/resource_manager/status_sender_activate.sh: line 79: dlsmi: command not found
/home/resource_manager/status_sender_activate.sh: line 80: dlsmi: command not found
[2025-05-09 21:15:56] 主动请求已接收，开始发送状态文件到 10.0.64.30:/home/resource_manager/resource_info

Authorized users only. All activities may be monitored and reported.
[2025-05-09 21:15:57] 状态文件发送成功
[成功] 命令已执行: /home/resource_manager/status_sender_activate.sh --ip 10.0.64.30
[root@localhost ~]# TSN扫描完成，资源纳管信息正在从TSN中转至NOCC
cd /home/resource_manager/resource_info
[root@localhost resource_info]# ls -1
node_status-10.0.64.106.yaml
node_status-10.0.64.110.yaml
node_status-10.0.64.114.yaml
node_status-10.0.64.118.yaml
node_status-10.0.64.122.yaml
node_status-10.0.64.126.yaml
node_status-10.0.64.150.yaml
node_status-10.0.64.154.yaml
node_status-10.0.64.34.yaml
node_status-10.0.64.38.yaml
node_status-10.0.64.58.yaml
node_status-10.0.64.62.yaml
node_status-10.0.64.66.yaml
node_status-10.0.64.70.yaml
node_status-10.0.64.74.yaml
node_status-10.0.64.78.yaml
node_status-10.0.64.82.yaml
node_status-10.0.64.86.yaml
[root@localhost resource_info]# 文件列表已获取 node_status-10.0.64.106.yaml node_status-10.0.64.110.yaml node_status-10.0.64.114.yaml node_status-10.0.64.118.yaml node_status-10.0.64.122.yaml node_status-10.0.64.126.yaml node_status-10.0.64.150.yaml node_status-10.0.64.154.yaml node_status-10.0.64.34.yaml node_status-10.0.64.38.yaml node_status-10.0.64.58.yaml node_status-10.0.64.62.yaml node_status-10.0.64.66.yaml node_status-10.0.64.70.yaml node_status-10.0.64.74.yaml node_status-10.0.64.78.yaml node_status-10.0.64.82.yaml node_status-10.0.64.86.yaml
-- node_status-10.0.64.106.yaml
full_ip = 10.0.64.106, fourth = 106
27
传输 node_status-10.0.64.106.yaml 到 NOCC节点 10.0.202.2
-- node_status-10.0.64.110.yaml
full_ip = 10.0.64.110, fourth = 110
28
传输 node_status-10.0.64.110.yaml 到 NOCC节点 10.0.202.2
-- node_status-10.0.64.114.yaml
full_ip = 10.0.64.114, fourth = 114
29
传输 node_status-10.0.64.114.yaml 到 NOCC节点 10.0.202.2
-- node_status-10.0.64.118.yaml
full_ip = 10.0.64.118, fourth = 118
30
传输 node_status-10.0.64.118.yaml 到 NOCC节点 10.0.202.2
-- node_status-10.0.64.122.yaml
full_ip = 10.0.64.122, fourth = 122
31
传输 node_status-10.0.64.122.yaml 到 NOCC节点 10.0.202.2
-- node_status-10.0.64.126.yaml
full_ip = 10.0.64.126, fourth = 126
32
传输 node_status-10.0.64.126.yaml 到 NOCC节点 10.0.202.2
-- node_status-10.0.64.150.yaml
full_ip = 10.0.64.150, fourth = 150
38
传输 node_status-10.0.64.150.yaml 到 NOCC节点 10.0.202.2
-- node_status-10.0.64.154.yaml
full_ip = 10.0.64.154, fourth = 154
39
传输 node_status-10.0.64.154.yaml 到 NOCC节点 10.0.202.2
-- node_status-10.0.64.34.yaml
full_ip = 10.0.64.34, fourth = 34
9
传输 node_status-10.0.64.34.yaml 到 NOCC节点 10.0.201.2
-- node_status-10.0.64.38.yaml
full_ip = 10.0.64.38, fourth = 38
10
传输 node_status-10.0.64.38.yaml 到 NOCC节点 10.0.201.2
-- node_status-10.0.64.58.yaml
full_ip = 10.0.64.58, fourth = 58
15
传输 node_status-10.0.64.58.yaml 到 NOCC节点 10.0.201.2
-- node_status-10.0.64.62.yaml
full_ip = 10.0.64.62, fourth = 62
16
传输 node_status-10.0.64.62.yaml 到 NOCC节点 10.0.201.2
-- node_status-10.0.64.66.yaml
full_ip = 10.0.64.66, fourth = 66
17
传输 node_status-10.0.64.66.yaml 到 NOCC节点 10.0.201.2
-- node_status-10.0.64.70.yaml
full_ip = 10.0.64.70, fourth = 70
18
传输 node_status-10.0.64.70.yaml 到 NOCC节点 10.0.201.2
-- node_status-10.0.64.74.yaml
full_ip = 10.0.64.74, fourth = 74
19
传输 node_status-10.0.64.74.yaml 到 NOCC节点 10.0.201.2
-- node_status-10.0.64.78.yaml
full_ip = 10.0.64.78, fourth = 78
20
传输 node_status-10.0.64.78.yaml 到 NOCC节点 10.0.201.2
-- node_status-10.0.64.82.yaml
full_ip = 10.0.64.82, fourth = 82
21
传输 node_status-10.0.64.82.yaml 到 NOCC节点 10.0.202.2
-- node_status-10.0.64.86.yaml
full_ip = 10.0.64.86, fourth = 86
22
传输 node_status-10.0.64.86.yaml 到 NOCC节点 10.0.202.2
退出TSN的VM控制
